0 0.000000e+00 1.000000e-06 0 single_file little rho vx1 vx2 vx3 prs 
1 9.905751e+00 8.020836e-01 145 single_file little rho vx1 vx2 vx3 prs 
2 1.952821e+01 8.016620e-01 157 single_file little rho vx1 vx2 vx3 prs 
3 2.994803e+01 8.013871e-01 170 single_file little rho vx1 vx2 vx3 prs 
4 3.956368e+01 8.012168e-01 182 single_file little rho vx1 vx2 vx3 prs 
5 4.997865e+01 8.010832e-01 195 single_file little rho vx1 vx2 vx3 prs 
6 5.959111e+01 8.009890e-01 207 single_file little rho vx1 vx2 vx3 prs 
7 6.920254e+01 8.009135e-01 219 single_file little rho vx1 vx2 vx3 prs 
8 7.961401e+01 8.008469e-01 232 single_file little rho vx1 vx2 vx3 prs 
9 8.922388e+01 8.007957e-01 244 single_file little rho vx1 vx2 vx3 prs 
10 9.963393e+01 8.007487e-01 257 single_file little rho vx1 vx2 vx3 prs 
11 1.092427e+02 8.007114e-01 269 single_file little rho vx1 vx2 vx3 prs 
12 1.196517e+02 8.006760e-01 282 single_file little rho vx1 vx2 vx3 prs 
13 1.292597e+02 8.006473e-01 294 single_file little rho vx1 vx2 vx3 prs 
14 1.396679e+02 8.006196e-01 307 single_file little rho vx1 vx2 vx3 prs 
15 1.492752e+02 8.005964e-01 319 single_file little rho vx1 vx2 vx3 prs 
16 1.596829e+02 8.005738e-01 332 single_file little rho vx1 vx2 vx3 prs 
17 1.692896e+02 8.005549e-01 344 single_file little rho vx1 vx2 vx3 prs 
18 1.796967e+02 8.005361e-01 357 single_file little rho vx1 vx2 vx3 prs 
19 1.893031e+02 8.005200e-01 369 single_file little rho vx1 vx2 vx3 prs 
20 1.997097e+02 8.005040e-01 382 single_file little rho vx1 vx2 vx3 prs 
21 2.093157e+02 8.004903e-01 394 single_file little rho vx1 vx2 vx3 prs 
22 2.197220e+02 8.004764e-01 407 single_file little rho vx1 vx2 vx3 prs 
23 2.293277e+02 8.004645e-01 419 single_file little rho vx1 vx2 vx3 prs 
24 2.397336e+02 8.004524e-01 432 single_file little rho vx1 vx2 vx3 prs 
25 2.493390e+02 8.004419e-01 444 single_file little rho vx1 vx2 vx3 prs 
26 2.597447e+02 8.004312e-01 457 single_file little rho vx1 vx2 vx3 prs 
27 2.693498e+02 8.004219e-01 469 single_file little rho vx1 vx2 vx3 prs 
28 2.797552e+02 8.004124e-01 482 single_file little rho vx1 vx2 vx3 prs 
29 2.893601e+02 8.004040e-01 494 single_file little rho vx1 vx2 vx3 prs 
30 2.997653e+02 8.003955e-01 507 single_file little rho vx1 vx2 vx3 prs 
31 3.093700e+02 8.003880e-01 519 single_file little rho vx1 vx2 vx3 prs 
32 3.197750e+02 8.003802e-01 532 single_file little rho vx1 vx2 vx3 prs 
33 3.293795e+02 8.003734e-01 544 single_file little rho vx1 vx2 vx3 prs 
34 3.397844e+02 8.003663e-01 557 single_file little rho vx1 vx2 vx3 prs 
35 3.493887e+02 8.003601e-01 569 single_file little rho vx1 vx2 vx3 prs 
36 3.597934e+02 8.003537e-01 582 single_file little rho vx1 vx2 vx3 prs 
37 3.693976e+02 8.003480e-01 594 single_file little rho vx1 vx2 vx3 prs 
38 3.798021e+02 8.003420e-01 607 single_file little rho vx1 vx2 vx3 prs 
39 3.894061e+02 8.003368e-01 619 single_file little rho vx1 vx2 vx3 prs 
40 3.998105e+02 8.003313e-01 632 single_file little rho vx1 vx2 vx3 prs 
41 4.094144e+02 8.003265e-01 644 single_file little rho vx1 vx2 vx3 prs 
42 4.198186e+02 8.003214e-01 657 single_file little rho vx1 vx2 vx3 prs 
43 4.294225e+02 8.003169e-01 669 single_file little rho vx1 vx2 vx3 prs 
44 4.398266e+02 8.003122e-01 682 single_file little rho vx1 vx2 vx3 prs 
45 4.494303e+02 8.003080e-01 694 single_file little rho vx1 vx2 vx3 prs 
46 4.598343e+02 8.003036e-01 707 single_file little rho vx1 vx2 vx3 prs 
47 4.694379e+02 8.002997e-01 719 single_file little rho vx1 vx2 vx3 prs 
48 4.798418e+02 8.002956e-01 732 single_file little rho vx1 vx2 vx3 prs 
49 4.894453e+02 8.002920e-01 744 single_file little rho vx1 vx2 vx3 prs 
50 4.998491e+02 8.002881e-01 757 single_file little rho vx1 vx2 vx3 prs 
51 5.094525e+02 8.002847e-01 769 single_file little rho vx1 vx2 vx3 prs 
52 5.198562e+02 8.002811e-01 782 single_file little rho vx1 vx2 vx3 prs 
53 5.294595e+02 8.002778e-01 794 single_file little rho vx1 vx2 vx3 prs 
54 5.398631e+02 8.002744e-01 807 single_file little rho vx1 vx2 vx3 prs 
55 5.494664e+02 8.002714e-01 819 single_file little rho vx1 vx2 vx3 prs 
56 5.598699e+02 8.002682e-01 832 single_file little rho vx1 vx2 vx3 prs 
57 5.694731e+02 8.002653e-01 844 single_file little rho vx1 vx2 vx3 prs 
58 5.798765e+02 8.002623e-01 857 single_file little rho vx1 vx2 vx3 prs 
59 5.894797e+02 8.002596e-01 869 single_file little rho vx1 vx2 vx3 prs 
60 5.998830e+02 8.002567e-01 882 single_file little rho vx1 vx2 vx3 prs 
61 6.094861e+02 8.002541e-01 894 single_file little rho vx1 vx2 vx3 prs 
62 6.198894e+02 8.002514e-01 907 single_file little rho vx1 vx2 vx3 prs 
63 6.294924e+02 8.002489e-01 919 single_file little rho vx1 vx2 vx3 prs 
64 6.398956e+02 8.002463e-01 932 single_file little rho vx1 vx2 vx3 prs 
65 6.494986e+02 8.002440e-01 944 single_file little rho vx1 vx2 vx3 prs 
66 6.599017e+02 8.002415e-01 957 single_file little rho vx1 vx2 vx3 prs 
67 6.695046e+02 8.002393e-01 969 single_file little rho vx1 vx2 vx3 prs 
68 6.799077e+02 8.002370e-01 982 single_file little rho vx1 vx2 vx3 prs 
69 6.895105e+02 8.002349e-01 994 single_file little rho vx1 vx2 vx3 prs 
70 6.999136e+02 8.002326e-01 1007 single_file little rho vx1 vx2 vx3 prs 
71 7.095163e+02 8.002306e-01 1019 single_file little rho vx1 vx2 vx3 prs 
72 7.199193e+02 8.002285e-01 1032 single_file little rho vx1 vx2 vx3 prs 
73 7.295221e+02 8.002265e-01 1044 single_file little rho vx1 vx2 vx3 prs 
74 7.399250e+02 8.002245e-01 1057 single_file little rho vx1 vx2 vx3 prs 
75 7.495277e+02 8.002226e-01 1069 single_file little rho vx1 vx2 vx3 prs 
76 7.599306e+02 8.002207e-01 1082 single_file little rho vx1 vx2 vx3 prs 
77 7.695332e+02 8.002189e-01 1094 single_file little rho vx1 vx2 vx3 prs 
78 7.799360e+02 8.002170e-01 1107 single_file little rho vx1 vx2 vx3 prs 
79 7.895386e+02 8.002153e-01 1119 single_file little rho vx1 vx2 vx3 prs 
80 7.999414e+02 8.002135e-01 1132 single_file little rho vx1 vx2 vx3 prs 
81 8.095440e+02 8.002119e-01 1144 single_file little rho vx1 vx2 vx3 prs 
82 8.199467e+02 8.002101e-01 1157 single_file little rho vx1 vx2 vx3 prs 
83 8.295492e+02 8.002086e-01 1169 single_file little rho vx1 vx2 vx3 prs 
84 8.399519e+02 8.002069e-01 1182 single_file little rho vx1 vx2 vx3 prs 
85 8.495544e+02 8.002054e-01 1194 single_file little rho vx1 vx2 vx3 prs 
86 8.599571e+02 8.002038e-01 1207 single_file little rho vx1 vx2 vx3 prs 
87 8.695595e+02 8.002023e-01 1219 single_file little rho vx1 vx2 vx3 prs 
88 8.799621e+02 8.002008e-01 1232 single_file little rho vx1 vx2 vx3 prs 
89 8.895645e+02 8.001994e-01 1244 single_file little rho vx1 vx2 vx3 prs 
90 8.999671e+02 8.001979e-01 1257 single_file little rho vx1 vx2 vx3 prs 
91 9.095695e+02 8.001965e-01 1269 single_file little rho vx1 vx2 vx3 prs 
92 9.199720e+02 8.001951e-01 1282 single_file little rho vx1 vx2 vx3 prs 
93 9.295743e+02 8.001938e-01 1294 single_file little rho vx1 vx2 vx3 prs 
94 9.399769e+02 8.001978e-01 1307 single_file little rho vx1 vx2 vx3 prs 
95 9.495793e+02 8.002032e-01 1319 single_file little rho vx1 vx2 vx3 prs 
96 9.599820e+02 8.002289e-01 1332 single_file little rho vx1 vx2 vx3 prs 
97 9.695849e+02 8.002538e-01 1344 single_file little rho vx1 vx2 vx3 prs 
98 9.799882e+02 8.002718e-01 1357 single_file little rho vx1 vx2 vx3 prs 
99 9.895922e+02 8.003835e-01 1369 single_file little rho vx1 vx2 vx3 prs 
100 1.000000e+03 2.911033e-03 1383 single_file little rho vx1 vx2 vx3 prs 
