0 0.000000e+00 1.000000e-06 0 single_file little rho vx1 vx2 vx3 prs 
1 1.000000e+03 2.911033e-03 1383 single_file little rho vx1 vx2 vx3 prs 
